== AMT | REIT | IV 98.51 | anchor NAV (Cap Rates) | spot 169.03 | ccy USD
   flag: REIT sub-type: office | cap_rate 7.50% | P/FFO 12x | P/AFFO 13x | maint_capex 6.0% rev | FFO=$4.59B AFFO=$3.95B NOI=$6.12B
   flag: Growth reinvestment NOT leviable on this profile: 'REIT' is not a capital-turnover profile, so revenue ÷ invested capital (0.23) is not a sales-to-capital ratio here and no deduction is computed. Measured for reference o
   legs: {'P/FFO': 118.22, 'NAV (Cap Rates)': 82.45, 'DDM': 105.48, 'P/AFFO': 110.25, 'Forward P/E': 221.18, 'Forward EV/EBITDA': 175.79}
   weights: [('NAV (Cap Rates)', 0.5), ('P/FFO', 0.3), ('P/AFFO', 0.15), ('DDM', 0.05)] | dropped: []
   mults: {'ev_ebitda': (19.535, 'industry', 'REIT - Specialty'), 'pe': (31.107, 'industry', 'REIT - Specialty'), 'pb': (7.23, 'industry', 'REIT - Specialty'), 'fcf_yield': (0.05, 'industry', 'REIT - Specialty'), 'growth_avg': (0.035, 'industry', 'REIT - Specialty'), 'pe_ntm': (31.734, 'industry', 'REIT - Specialty')}
   route: ladder [('ladder', 'REIT')] | premium 1.0 | flag None
== EQIX | REIT | IV 719.32 | anchor NAV (Cap Rates) | spot 1008.08 | ccy USD
   flag: REIT sub-type: data_center_premium | cap_rate 4.50% | P/FFO 23x | P/AFFO 26x | maint_capex 2.5% rev | FFO=$3.42B AFFO=$3.18B NOI=$4.07B
   flag: Gate B (base): Forward ROIC (1.0% [Y10 projected]) < threshold (2.9%) → TGR set to 0
   flag: Growth reinvestment NOT leviable on this profile: 'REIT' is not a capital-turnover profile, so revenue ÷ invested capital (0.26) is not a sales-to-capital ratio here and no deduction is computed. Measured for reference o
   legs: {'P/FFO': 796.26, 'NAV (Cap Rates)': 690.29, 'DDM': 188.71, 'P/AFFO': 839.12, 'Forward P/E': 546.86, 'Forward EV/EBITDA': 697.64, 'SOTP (segments)': 65.84, 'SOTP 12m (probabilistic)': 96.98}
   weights: [('NAV (Cap Rates)', 0.5), ('P/FFO', 0.3), ('P/AFFO', 0.15), ('DDM', 0.05)] | dropped: []
   mults: {'ev_ebitda': (19.535, 'industry', 'REIT - Specialty'), 'pe': (31.107, 'industry', 'REIT - Specialty'), 'pb': (7.23, 'industry', 'REIT - Specialty'), 'fcf_yield': (0.05, 'industry', 'REIT - Specialty'), 'growth_avg': (0.035, 'industry', 'REIT - Specialty'), 'pe_ntm': (31.734, 'industry', 'REIT - Specialty')}
   route: ladder [('ladder', 'REIT')] | premium 1.0 | flag None
== IRM | Mature SaaS | IV 43.25 | anchor Forward P/E | spot 111.38 | ccy USD
   flag: Gate B (base): Forward ROIC (0.3% [Y10 projected]) < threshold (4.9%) → TGR set to 0
   flag: Growth reinvestment NOT leviable on this profile: 'Mature SaaS' is not a capital-turnover profile, so revenue ÷ invested capital (0.39) is not a sales-to-capital ratio here and no deduction is computed. Measured for refe
   legs: {'EV/EBITDA': 52.37, 'Forward P/E': 38.04, 'Forward EV/EBITDA': 39.01, 'SOTP (segments)': 12.08, 'SOTP 12m (probabilistic)': 26.04}
   weights: [('Forward P/E', 0.636364), ('EV/EBITDA', 0.363636)] | dropped: [('DCF (2-stage)', 'non_positive'), ('FCF Yield', 'uncomputable')]
   mults: {'ev_ebitda': (16.954, 'profile', 'Mature SaaS'), 'pe': (24.584, 'profile', 'Mature SaaS'), 'pb': (7.7, 'profile', 'Mature SaaS'), 'fcf_yield': (0.071, 'profile', 'Mature SaaS'), 'growth_avg': (0.136, 'profile', 'Mature SaaS'), 'pe_ntm': (15.294, 'profile', 'Mature SaaS')}
   route: ladder [('ladder', 'Mature SaaS')] | premium 1.0 | flag None
== WELL | REIT | IV 45.63 | anchor NAV (Cap Rates) | spot 231.21 | ccy USD
   flag: REIT sub-type: healthcare | cap_rate 6.00% | P/FFO 15x | P/AFFO 17x | maint_capex 4.0% rev | FFO=$3.08B AFFO=$3.04B NOI=$2.31B
   flag: Revenue-scale cap on analyst bands: base growth capped to 15.0% ($10.7B revenue)
   flag: Growth reinvestment NOT leviable on this profile: 'REIT' is not a capital-turnover profile, so revenue ÷ invested capital (0.18) is not a sales-to-capital ratio here and no deduction is computed. Measured for reference o
   legs: {'P/FFO': 64.02, 'NAV (Cap Rates)': 28.8, 'DDM': 25.26, 'P/AFFO': 71.76, 'Forward P/E': 188.43, 'Forward EV/EBITDA': 90.53, 'SOTP (segments)': 19.08, 'SOTP 12m (probabilistic)': 27.35}
   weights: [('NAV (Cap Rates)', 0.5), ('P/FFO', 0.3), ('P/AFFO', 0.15), ('DDM', 0.05)] | dropped: []
   mults: {'ev_ebitda': (19.777, 'industry', 'REIT - Healthcare Facilities'), 'pe': (74.962, 'industry', 'REIT - Healthcare Facilities'), 'pb': (2.257, 'industry', 'REIT - Healthcare Facilities'), 'fcf_yield': (0.031, 'industry', 'REIT - Healthcare Facilities'), 'growth_avg': (0.116, 'industry', 'REIT - Healthcare Facilities'), 'pe_ntm': (66.337, 'industry', 'REIT - Healthcare Facilities')}
   route: ladder [('ladder', 'REIT')] | premium 1.0 | flag None
== VTR | REIT | IV 47.46 | anchor NAV (Cap Rates) | spot 86.64 | ccy USD
   flag: REIT sub-type: healthcare | cap_rate 6.00% | P/FFO 15x | P/AFFO 17x | maint_capex 4.0% rev | FFO=$1.63B AFFO=$1.40B NOI=$2.24B
   flag: Growth reinvestment NOT leviable on this profile: 'REIT' is not a capital-turnover profile, so revenue ÷ invested capital (0.23) is not a sales-to-capital ratio here and no deduction is computed. Measured for reference o
   legs: {'P/FFO': 50.31, 'NAV (Cap Rates)': 49.08, 'DDM': 10.05, 'P/AFFO': 48.85, 'Forward P/E': 38.66, 'Forward EV/EBITDA': 53.12, 'SOTP (segments)': 14.32, 'SOTP 12m (probabilistic)': 22.53}
   weights: [('NAV (Cap Rates)', 0.5), ('P/FFO', 0.3), ('P/AFFO', 0.15), ('DDM', 0.05)] | dropped: []
   mults: {'ev_ebitda': (19.777, 'industry', 'REIT - Healthcare Facilities'), 'pe': (74.962, 'industry', 'REIT - Healthcare Facilities'), 'pb': (2.257, 'industry', 'REIT - Healthcare Facilities'), 'fcf_yield': (0.031, 'industry', 'REIT - Healthcare Facilities'), 'growth_avg': (0.116, 'industry', 'REIT - Healthcare Facilities'), 'pe_ntm': (66.337, 'industry', 'REIT - Healthcare Facilities')}
   route: ladder [('ladder', 'REIT')] | premium 1.0 | flag None
== DHI | Mature SaaS | IV 148.34 | anchor Forward P/E | spot 141.51 | ccy USD
   flag: Growth reinvestment NOT leviable on this profile: 'Mature SaaS' is not a capital-turnover profile, so revenue ÷ invested capital (1.26) is not a sales-to-capital ratio here and no deduction is computed. Measured for refe
   legs: {'DCF': 41.97, 'EV/EBITDA': 273.23, 'EPV': 117.08, 'Forward P/E': 159.91, 'DCF (2-stage)': 43.94, 'FCF Yield': 163.63, 'Forward EV/EBITDA': 146.55, 'SOTP (segments)': 442.54, 'SOTP 12m (probabilistic)': 424.51}
   weights: [('Forward P/E', 0.35), ('DCF (2-stage)', 0.3), ('EV/EBITDA', 0.2), ('FCF Yield', 0.15)] | dropped: []
   mults: {'ev_ebitda': (16.954, 'profile', 'Mature SaaS'), 'pe': (24.584, 'profile', 'Mature SaaS'), 'pb': (7.7, 'profile', 'Mature SaaS'), 'fcf_yield': (0.071, 'profile', 'Mature SaaS'), 'growth_avg': (0.136, 'profile', 'Mature SaaS'), 'pe_ntm': (15.294, 'profile', 'Mature SaaS')}
   route: ladder [('ladder', 'Mature SaaS')] | premium 1.0 | flag None
== CBRE | Mature SaaS | IV 128.74 | anchor Forward P/E | spot 134.74 | ccy USD
   flag: Revenue-scale cap on analyst bands: base growth capped to 15.0% ($40.5B revenue)
   flag: Growth reinvestment NOT leviable on this profile: 'Mature SaaS' is not a capital-turnover profile, so revenue ÷ invested capital (2.38) is not a sales-to-capital ratio here and no deduction is computed. Measured for refe
   legs: {'DCF': 180.54, 'EV/EBITDA': 117.26, 'EPV': 16.87, 'Forward P/E': 119.82, 'DCF (2-stage)': 183.13, 'FCF Yield': 56.11, 'Forward EV/EBITDA': 109.36, 'SOTP (segments)': 343.95, 'SOTP 12m (probabilistic)': 403.22}
   weights: [('Forward P/E', 0.35), ('DCF (2-stage)', 0.3), ('EV/EBITDA', 0.2), ('FCF Yield', 0.15)] | dropped: []
   mults: {'ev_ebitda': (16.954, 'profile', 'Mature SaaS'), 'pe': (24.584, 'profile', 'Mature SaaS'), 'pb': (7.7, 'profile', 'Mature SaaS'), 'fcf_yield': (0.071, 'profile', 'Mature SaaS'), 'growth_avg': (0.136, 'profile', 'Mature SaaS'), 'pe_ntm': (15.294, 'profile', 'Mature SaaS')}
   route: ladder [('ladder', 'Mature SaaS')] | premium 1.0 | flag None
== 00016.HK | REIT | IV 148.7 | anchor NAV (Cap Rates) | spot 107.1 | ccy HKD
   flag: REIT sub-type: default | cap_rate 6.50% | P/FFO 15x | P/AFFO 17x | maint_capex 4.5% rev | FFO=$26.56B AFFO=$26.56B NOI=$35.38B
   flag: Gate B (base): Forward ROIC (2.5% [Y10 projected]) < threshold (3.1%) → TGR set to 0
   flag: Growth reinvestment NOT leviable on this profile: 'REIT' is not a capital-turnover profile, so revenue ÷ invested capital (0.13) is not a sales-to-capital ratio here and no deduction is computed. Measured for reference o
   legs: {'P/FFO': 137.51, 'NAV (Cap Rates)': 164.52, 'DDM': 36.13, 'P/AFFO': 155.84, 'Forward P/E': 106.65, 'Forward EV/EBITDA': 108.73}
   weights: [('NAV (Cap Rates)', 0.5), ('P/FFO', 0.3), ('P/AFFO', 0.15), ('DDM', 0.05)] | dropped: []
   mults: {'ev_ebitda': (11.766, 'industry', 'Real Estate - Development'), 'pe': (14.932, 'industry', 'Real Estate - Development'), 'pb': (0.416, 'industry', 'Real Estate - Development'), 'fcf_yield': (0.068, 'industry', 'Real Estate - Development'), 'growth_avg': (-0.021, 'industry', 'Real Estate - Development'), 'pe_ntm': (12.798, 'industry', 'Real Estate - Development')}
   route: ladder [('ladder', 'REIT')] | premium 1.0 | flag None
== 01113.HK | REIT | IV 68.54 | anchor NAV (Cap Rates) | spot 46.0 | ccy HKD
   flag: REIT sub-type: default | cap_rate 6.50% | P/FFO 15x | P/AFFO 17x | maint_capex 4.5% rev | FFO=$13.33B AFFO=$10.86B NOI=$18.70B
   flag: Gate B (base): Forward ROIC (1.7% [Y10 projected]) < threshold (3.1%) → TGR set to 0
   flag: Growth reinvestment NOT leviable on this profile: 'REIT' is not a capital-turnover profile, so revenue ÷ invested capital (0.14) is not a sales-to-capital ratio here and no deduction is computed. Measured for reference o
   legs: {'P/FFO': 57.14, 'NAV (Cap Rates)': 84.72, 'DDM': 22.45, 'P/AFFO': 52.77, 'Forward P/E': 50.14, 'Forward EV/EBITDA': 64.49}
   weights: [('NAV (Cap Rates)', 0.5), ('P/FFO', 0.3), ('P/AFFO', 0.15), ('DDM', 0.05)] | dropped: []
   mults: {'ev_ebitda': (11.766, 'industry', 'Real Estate - Development'), 'pe': (14.932, 'industry', 'Real Estate - Development'), 'pb': (0.416, 'industry', 'Real Estate - Development'), 'fcf_yield': (0.068, 'industry', 'Real Estate - Development'), 'growth_avg': (-0.021, 'industry', 'Real Estate - Development'), 'pe_ntm': (12.798, 'industry', 'Real Estate - Development')}
   route: ladder [('ladder', 'REIT')] | premium 1.0 | flag None
== 00823.HK | Mature Platform | IV None | anchor DCF (FCF+) | spot None | ccy HKD
   flag: Gate B (base): Forward ROIC (0.6% [Y10 projected]) < threshold (4.9%) → TGR set to 0
   flag: Growth reinvestment NOT leviable on this profile: 'Mature Platform' is not a capital-turnover profile, so revenue ÷ invested capital (0.07) is not a sales-to-capital ratio here and no deduction is computed. Measured for 
   legs: {'Forward P/E': 33.41, 'Forward EV/EBITDA': 25.09}
   weights: [] | dropped: [('DCF (FCF+)', 'non_positive'), ('P/E', 'uncomputable'), ('EPV', 'uncomputable'), ('EV/EBITDA', 'uncomputable'), ('LBO Floor', 'uncomputable')]
   mults: {'ev_ebitda': (14.274, 'sector', 'Real Estate'), 'pe': (19.634, 'sector', 'Real Estate'), 'pb': (0.512, 'sector', 'Real Estate'), 'fcf_yield': (0.068, 'sector', 'Real Estate'), 'growth_avg': (0.025, 'sector', 'Real Estate'), 'pe_ntm': (13.458, 'sector', 'Real Estate')}
   route: ladder [('ladder', 'Mature Platform')] | premium 1.0 | flag None
== 02202.HK | Mature SaaS | IV None | anchor Forward P/E | spot None | ccy HKD
   flag: Gate B (base): Forward ROIC (-0.9% [Y10 projected]) < threshold (5.0%) → TGR set to 0
   flag: Growth reinvestment NOT leviable on this profile: 'Mature SaaS' is not a capital-turnover profile, so revenue ÷ invested capital (0.90) is not a sales-to-capital ratio here and no deduction is computed. Measured for refe
   legs: {}
   weights: [] | dropped: [('Forward P/E', 'uncomputable'), ('DCF (2-stage)', 'uncomputable'), ('EV/EBITDA', 'uncomputable'), ('FCF Yield', 'uncomputable')]
   mults: {'ev_ebitda': (11.766, 'industry', 'Real Estate - Development'), 'pe': (14.932, 'industry', 'Real Estate - Development'), 'pb': (0.404, 'industry', 'Real Estate - Development'), 'fcf_yield': (0.068, 'industry', 'Real Estate - Development'), 'growth_avg': (-0.009, 'industry', 'Real Estate - Development'), 'pe_ntm': (12.798, 'industry', 'Real Estate - Development')}
   route: ladder [('ladder', 'Mature SaaS')] | premium 1.0 | flag None
== 9CI.SI | Real Estate Asset Manager (SG) | IV 0.74 | anchor P/E (norm) | spot 2.6 | ccy SGD
   flag: CAGR-divergence gate: NTM growth +25.4% → +5.0%; analyst bands scaled 0.20x (NTM consensus +25.4% diverges from historical CAGR -1.8% by 27.1pp, above the 15pp threshold; capped at max(CAGR, 0) + 5pp)
   flag: Gate B (base): Forward ROIC (1.9% [Y10 projected]) < threshold (3.1%) → TGR set to 0
   flag: Growth reinvestment NOT leviable on this profile: 'Real Estate Asset Manager (SG)' is not a capital-turnover profile, so revenue ÷ invested capital (0.11) is not a sales-to-capital ratio here and no deduction is computed
   legs: {'DCF': 0.65, 'DDM': 0.37, 'P/E (norm)': 0.97, 'Forward P/E': 2.34, 'Forward EV/EBITDA': 2.88}
   weights: [('P/E (norm)', 0.615385), ('DDM', 0.384615)] | dropped: [('SOTP (published)', 'uncomputable')]
   mults: {'pe': (18.776, 'industry', 'Real Estate - Services'), 'pb': (0.716, 'industry', 'Real Estate - Services'), 'fcf_yield': (0.082, 'industry', 'Real Estate - Services'), 'growth_avg': (0.058, 'industry', 'Real Estate - Services'), 'ev_ebitda': (20.735, 'sector', 'Real Estate'), 'pe_ntm': (16.896, 'sector', 'Real Estate')}
   route: router [('router', 'Real Estate Asset Manager (SG)')] | premium 1.0 | flag None
== H78.SI | Property Developer (SG) | IV 7.73 | anchor NAV | spot 8.57 | ccy USD
   flag: Cash-conversion (observed, not applied): FCF margin 31.3% vs 19.1% — reported FCF is 1.5x what a repeatable basis supports (ex-working-capital), so the excess is not projected
   flag: Gate B (base): Forward ROIC (1.1% [Y10 projected]) < threshold (3.4%) → TGR set to 0
   flag: Growth reinvestment NOT leviable on this profile: 'Property Developer (SG)' is not a capital-turnover profile, so revenue ÷ invested capital (0.04) is not a sales-to-capital ratio here and no deduction is computed. Measu
   legs: {'DCF': 0.07, 'DDM': 2.33, 'NAV': 10.18, 'Forward P/E': 3.49, 'Forward EV/EBITDA': 7.74}
   weights: [('NAV', 0.6875), ('DDM', 0.3125)] | dropped: [('P/E (norm)', 'uncomputable')]
   mults: {'ev_ebitda': (21.854, 'industry', 'Real Estate - Development'), 'pe': (11.111, 'industry', 'Real Estate - Development'), 'pb': (0.592, 'industry', 'Real Estate - Development'), 'fcf_yield': (0.034, 'industry', 'Real Estate - Development'), 'growth_avg': (-0.009, 'industry', 'Real Estate - Development'), 'pe_ntm': (16.896, 'sector', 'Real Estate')}
   route: router [('router', 'Property Developer (SG)')] | premium 1.0 | flag None
