== VTR | REIT | IV 54.63 | anchor NAV (Cap Rates) | spot 86.64 | ccy USD
   flag: REIT sub-type: healthcare | cap_rate 5.10% | P/FFO 15x | P/AFFO 17x | maint_capex 4.0% rev | FFO=$1.63B AFFO=$1.40B NOI=$2.24B
   flag: Growth reinvestment NOT leviable on this profile: 'REIT' is not a capital-turnover profile, so revenue ÷ invested capital (0.23) is not a sales-to-capital ratio here and no deduction is computed. Measured for reference o
   legs: {'NAV (Cap Rates)': 63.4, 'DDM': 10.05, 'P/AFFO': 48.85, 'P/FFO': 50.31, 'Forward P/E': 38.66, 'Forward EV/EBITDA': 53.12, 'SOTP (segments)': 14.32, 'SOTP 12m (probabilistic)': 22.53}
   weights: [('NAV (Cap Rates)', 0.5), ('P/FFO', 0.3), ('P/AFFO', 0.15), ('DDM', 0.05)] | dropped: []
   mults: {'ev_ebitda': (19.777, 'industry', 'REIT - Healthcare Facilities'), 'pe': (74.962, 'industry', 'REIT - Healthcare Facilities'), 'pb': (2.257, 'industry', 'REIT - Healthcare Facilities'), 'fcf_yield': (0.031, 'industry', 'REIT - Healthcare Facilities'), 'growth_avg': (0.116, 'industry', 'REIT - Healthcare Facilities'), 'pe_ntm': (66.337, 'industry', 'REIT - Healthcare Facilities')}
   route: router [('router', 'REIT')] | premium 1.0 | flag None
== IRM | REIT | IV 61.46 | anchor NAV (Cap Rates) | spot 111.38 | ccy USD
   flag: REIT sub-type: specialty | cap_rate 5.70% | P/FFO 15x | P/AFFO 17x | maint_capex 4.0% rev | FFO=$1.17B AFFO=$893M NOI=$2.08B
   flag: Gate B (base): Forward ROIC (1.5% [Y10 projected]) < threshold (2.9%) → TGR set to 0
   flag: Growth reinvestment NOT leviable on this profile: 'REIT' is not a capital-turnover profile, so revenue ÷ invested capital (0.39) is not a sales-to-capital ratio here and no deduction is computed. Measured for reference o
   legs: {'NAV (Cap Rates)': 71.57, 'DDM': 6.7, 'P/AFFO': 51.02, 'P/FFO': 58.94, 'Forward P/E': 78.93, 'Forward EV/EBITDA': 111.22, 'SOTP (segments)': 0.49, 'SOTP 12m (probabilistic)': 12.55}
   weights: [('NAV (Cap Rates)', 0.5), ('P/FFO', 0.3), ('P/AFFO', 0.15), ('DDM', 0.05)] | dropped: []
   mults: {'ev_ebitda': (19.535, 'industry', 'REIT - Specialty'), 'pe': (31.107, 'industry', 'REIT - Specialty'), 'pb': (7.23, 'industry', 'REIT - Specialty'), 'fcf_yield': (0.05, 'industry', 'REIT - Specialty'), 'growth_avg': (0.035, 'industry', 'REIT - Specialty'), 'pe_ntm': (31.734, 'industry', 'REIT - Specialty')}
   route: router [('router', 'REIT')] | premium 1.0 | flag None
== CBRE | Real Estate Services | IV 125.96 | anchor Forward P/E | spot 134.74 | ccy USD
   flag: Revenue-scale cap on analyst bands: base growth capped to 15.0% ($40.5B revenue)
   flag: Growth reinvestment NOT leviable on this profile: 'Real Estate Services' is not a capital-turnover profile, so revenue ÷ invested capital (2.38) is not a sales-to-capital ratio here and no deduction is computed. Measured
   legs: {'DCF': 188.4, 'EV/EBITDA': 89.13, 'FCF Yield': 112.78, 'Forward P/E': 125.64, 'Forward EV/EBITDA': 98.23, 'SOTP (segments)': 237.63, 'SOTP 12m (probabilistic)': 280.95}
   weights: [('Forward P/E', 0.4), ('EV/EBITDA', 0.3), ('DCF', 0.2), ('FCF Yield', 0.1)] | dropped: []
   mults: {'ev_ebitda': (13.8, 'industry', 'Real Estate - Services'), 'pe': (40.173, 'industry', 'Real Estate - Services'), 'pb': (1.857, 'industry', 'Real Estate - Services'), 'fcf_yield': (0.035, 'industry', 'Real Estate - Services'), 'growth_avg': (0.086, 'industry', 'Real Estate - Services'), 'pe_ntm': (16.038, 'industry', 'Real Estate - Services')}
   route: router [('router', 'Real Estate Services')] | premium 1.0 | flag None
== 00688.HK | Property Developer (HK / China) | IV 16.45 | anchor P/BV | spot 12.42 | ccy HKD
   flag: Cash-conversion (observed, not applied): FCF margin 10.1% vs 7.6% — reported FCF is 1.4x what a repeatable basis supports (ex-working-capital), so the excess is not projected
   flag: CAGR-divergence gate: NTM growth +7.0% → +5.0%; analyst bands scaled 0.71x (NTM consensus +7.0% diverges from historical CAGR -8.7% by 15.8pp, above the 15pp threshold; capped at max(CAGR, 0) + 5pp)
   flag: Gate B (base): Forward ROIC (2.1% [Y10 projected]) < threshold (4.6%) → TGR set to 0
   flag: Growth reinvestment NOT leviable on this profile: 'Property Developer (HK / China)' is not a capital-turnover profile, so revenue ÷ invested capital (0.32) is not a sales-to-capital ratio here and no deduction is compute
   flag: RNAV (published): no input this run; its weight (w=0.25) rolls into P/BV (profile leg_fallback); the blend uses the rolled rows
   legs: {'P/BV': 18.7, 'DDM': 5.48, 'Forward P/E': 17.37, 'Forward EV/EBITDA': 8.28}
   weights: [('P/BV', 0.65), ('Forward P/E', 0.2), ('DDM', 0.15)] | dropped: []
   mults: {'ev_ebitda': (11.766, 'industry', 'Real Estate - Development'), 'pe': (14.932, 'industry', 'Real Estate - Development'), 'pb': (0.416, 'industry', 'Real Estate - Development'), 'fcf_yield': (0.068, 'industry', 'Real Estate - Development'), 'growth_avg': (-0.021, 'industry', 'Real Estate - Development'), 'pe_ntm': (12.798, 'industry', 'Real Estate - Development')}
   route: router [('router', 'Property Developer (HK / China)')] | premium 1.0 | flag None
== 00004.HK | Landlord / Investment Property (HK) | IV 9.12 | anchor NAV (Cap Rates) | spot 19.5 | ccy HKD
   flag: CAGR-divergence gate stood down: NTM growth +14.9% vs -16.3% CAGR (31.2pp apart) — EBIT margin inflection (latest ≥5% above 3y mean) on non-cyclical profile
   flag: Gate B (base): Forward ROIC (1.2% [Y10 projected]) < threshold (4.6%) → TGR set to 0
   flag: Growth reinvestment NOT leviable on this profile: 'Landlord / Investment Property (HK)' is not a capital-turnover profile, so revenue ÷ invested capital (0.08) is not a sales-to-capital ratio here and no deduction is com
   legs: {'P/BV': 20.76, 'NAV (Cap Rates)': 7.12, 'DDM': 0.15, 'Forward P/E': 16.57, 'Forward EV/EBITDA': 20.92}
   weights: [('NAV (Cap Rates)', 0.4), ('P/BV', 0.3), ('DDM', 0.3)] | dropped: []
   mults: {'ev_ebitda': (11.766, 'industry', 'Real Estate - Development'), 'pe': (14.932, 'industry', 'Real Estate - Development'), 'pb': (0.416, 'industry', 'Real Estate - Development'), 'fcf_yield': (0.068, 'industry', 'Real Estate - Development'), 'growth_avg': (-0.021, 'industry', 'Real Estate - Development'), 'pe_ntm': (12.798, 'industry', 'Real Estate - Development')}
   route: ticker_override [('router', 'Landlord / Investment Property (HK)'), ('industry_map', 'Property Developer (HK / China)'), ('ticker_override', 'Landlord / Investment Property (HK)')] | premium 1.0 | flag None
== 00012.HK | Landlord / Investment Property (HK) | IV 15.49 | anchor NAV (Cap Rates) | spot 26.22 | ccy HKD
   flag: Gate B (base): Forward ROIC (2.1% [Y10 projected]) < threshold (4.6%) → TGR set to 0
   flag: Growth reinvestment NOT leviable on this profile: 'Landlord / Investment Property (HK)' is not a capital-turnover profile, so revenue ÷ invested capital (0.06) is not a sales-to-capital ratio here and no deduction is com
   flag: Non-positive leg dropped: NAV (Cap Rates) = 0.0000 (40% of intended weight renormalised onto the survivors)
   legs: {'P/BV': 20.34, 'DDM': 10.63, 'Forward P/E': 23.24}
   weights: [('P/BV', 0.5), ('DDM', 0.5)] | dropped: [('NAV (Cap Rates)', 'non_positive')]
   mults: {'pb': (0.295, 'industry', 'Real Estate - Diversified'), 'growth_avg': (0.223, 'industry', 'Real Estate - Diversified'), 'ev_ebitda': (14.274, 'sector', 'Real Estate'), 'pe': (19.634, 'sector', 'Real Estate'), 'fcf_yield': (0.068, 'sector', 'Real Estate'), 'pe_ntm': (13.458, 'sector', 'Real Estate')}
   route: router [('router', 'Landlord / Investment Property (HK)')] | premium 1.0 | flag None
== C09.SI | Property Developer (SG) | IV 2.98 | anchor NAV | spot 8.26 | ccy SGD
   flag: CAGR-divergence gate: NTM growth +22.8% → +5.0%; analyst bands scaled 0.22x (NTM consensus +22.8% diverges from historical CAGR -14.8% by 37.6pp, above the 15pp threshold; capped at max(CAGR, 0) + 5pp)
   flag: Gate B (base): Forward ROIC (0.7% [Y10 projected]) < threshold (3.4%) → TGR set to 0
   flag: Growth reinvestment NOT leviable on this profile: 'Property Developer (SG)' is not a capital-turnover profile, so revenue ÷ invested capital (0.16) is not a sales-to-capital ratio here and no deduction is computed. Measu
   flag: Non-positive leg dropped: NAV = 0.0000 (55% of intended weight renormalised onto the survivors)
   legs: {'P/E (norm)': 4.35, 'DDM': 1.88, 'Forward P/E': 5.79, 'Forward EV/EBITDA': 22.58}
   weights: [('DDM', 0.555556), ('P/E (norm)', 0.444444)] | dropped: [('NAV', 'non_positive')]
   mults: {'ev_ebitda': (21.854, 'industry', 'Real Estate - Development'), 'pe': (11.111, 'industry', 'Real Estate - Development'), 'pb': (0.592, 'industry', 'Real Estate - Development'), 'fcf_yield': (0.034, 'industry', 'Real Estate - Development'), 'growth_avg': (-0.009, 'industry', 'Real Estate - Development'), 'pe_ntm': (16.896, 'sector', 'Real Estate')}
   route: router [('router', 'Property Developer (SG)')] | premium 1.0 | flag None
== U06.SI | Property Developer (SG) | IV 2.98 | anchor NAV | spot 3.13 | ccy SGD
   flag: Gate B (base): Forward ROIC (2.3% [Y10 projected]) < threshold (3.4%) → TGR set to 0
   flag: Growth reinvestment NOT leviable on this profile: 'Property Developer (SG)' is not a capital-turnover profile, so revenue ÷ invested capital (0.09) is not a sales-to-capital ratio here and no deduction is computed. Measu
   legs: {'DCF': 5.39, 'P/E (norm)': 3.78, 'DDM': 0.55, 'NAV': 3.79}
   weights: [('NAV', 0.55), ('DDM', 0.25), ('P/E (norm)', 0.2)] | dropped: []
   mults: {'pb': (0.349, 'industry', 'Real Estate - Diversified'), 'growth_avg': (0.014, 'industry', 'Real Estate - Diversified'), 'ev_ebitda': (20.735, 'sector', 'Real Estate'), 'pe': (15.023, 'sector', 'Real Estate'), 'fcf_yield': (0.069, 'sector', 'Real Estate'), 'pe_ntm': (16.896, 'sector', 'Real Estate')}
   route: router [('router', 'Property Developer (SG)')] | premium 1.0 | flag None
== AJBU.SI | S-REIT | IV 2.67 | anchor DDM (S-REIT) | spot 2.12 | ccy SGD
   flag: REIT sub-type: default | cap_rate 6.60% | P/FFO 15x | P/AFFO 17x | maint_capex 4.5% rev | FFO=$428M AFFO=$407M NOI=$522M
   flag: Growth reinvestment NOT leviable on this profile: 'S-REIT' is not a capital-turnover profile, so revenue ÷ invested capital (0.07) is not a sales-to-capital ratio here and no deduction is computed. Measured for reference
   legs: {'DDM (S-REIT)': 1.87, 'NAV (Cap Rates)': 3.97, 'P/AFFO': 3.03, 'Forward P/E': 2.02, 'Forward EV/EBITDA': 1.99}
   weights: [('DDM (S-REIT)', 0.55), ('NAV (Cap Rates)', 0.3), ('P/AFFO', 0.15)] | dropped: []
   mults: {'ev_ebitda': (21.296, 'industry', 'REIT - Diversified'), 'pe': (13.878, 'industry', 'REIT - Diversified'), 'pb': (0.734, 'industry', 'REIT - Diversified'), 'fcf_yield': (0.072, 'industry', 'REIT - Diversified'), 'growth_avg': (0.049, 'industry', 'REIT - Diversified'), 'pe_ntm': (16.716, 'industry', 'REIT - Diversified')}
   route: router [('router', 'S-REIT')] | premium 1.0 | flag None
