217 member rows, 146 symbols under US REIT*
  [FMP] cash-flow-statement (AAT) — 200 OK, 1 record(s) [key=OK]
  [FMP] cash-flow-statement (ABR) — 200 OK, 1 record(s) [key=OK]
  [FMP] cash-flow-statement (ADC) — 200 OK, 1 record(s) [key=OK]
  [FMP] cash-flow-statement (AGNC) — 200 OK, 1 record(s) [key=OK]
  [FMP] cash-flow-statement (AHR) — 200 OK, 1 record(s) [key=OK]
  [FMP] cash-flow-statement (AHRT) — 200 OK, 1 record(s) [key=OK]
  [FMP] cash-flow-statement (AIV) — 200 OK, 1 record(s) [key=OK]
  [FMP] cash-flow-statement (AKR) — 200 OK, 1 record(s) [key=OK]
  [FMP] cash-flow-statement (AMH) — 200 OK, 1 record(s) [key=OK]
  [FMP] cash-flow-statement (AMT) — 200 OK, 1 record(s) [key=OK]
  [FMP] cash-flow-statement (APLE) — 200 OK, 1 record(s) [key=OK]
  [FMP] cash-flow-statement (ARE) — 200 OK, 1 record(s) [key=OK]
  [FMP] cash-flow-statement (ARI) — 200 OK, 1 record(s) [key=OK]
  [FMP] cash-flow-statement (ARR) — 200 OK, 1 record(s) [key=OK]
  [FMP] cash-flow-statement (BDN) — 200 OK, 1 record(s) [key=OK]
  [FMP] cash-flow-statement (BNL) — 200 OK, 1 record(s) [key=OK]
  [FMP] cash-flow-statement (BRX) — 200 OK, 1 record(s) [key=OK]
  [FMP] cash-flow-statement (BXMT) — 200 OK, 1 record(s) [key=OK]
  [FMP] cash-flow-statement (BXP) — 200 OK, 1 record(s) [key=OK]
  [FMP] cash-flow-statement (CBL) — 200 OK, 1 record(s) [key=OK]
  [FMP] cash-flow-statement (CCI) — 200 OK, 1 record(s) [key=OK]
  [FMP] cash-flow-statement (CDP) — 200 OK, 1 record(s) [key=OK]
  [FMP] cash-flow-statement (CHCT) — 200 OK, 1 record(s) [key=OK]
  [FMP] cash-flow-statement (CIMP) — 200 OK, 1 record(s) [key=OK]
  [FMP] cash-flow-statement (CLDT) — 200 OK, 1 record(s) [key=OK]
  ... 25/146
  [FMP] cash-flow-statement (COLD) — 200 OK, 1 record(s) [key=OK]
  [FMP] cash-flow-statement (CPT) — 200 OK, 1 record(s) [key=OK]
  [FMP] cash-flow-statement (CSR) — 200 OK, 1 record(s) [key=OK]
  [FMP] cash-flow-statement (CTO) — 200 OK, 1 record(s) [key=OK]
  [FMP] cash-flow-statement (CTRE) — 200 OK, 1 record(s) [key=OK]
  [FMP] cash-flow-statement (CUBE) — 200 OK, 1 record(s) [key=OK]
  [FMP] cash-flow-statement (CURB) — 200 OK, 1 record(s) [key=OK]
  [FMP] cash-flow-statement (CUZ) — 200 OK, 1 record(s) [key=OK]
  [FMP] cash-flow-statement (DEA) — 200 OK, 1 record(s) [key=OK]
  [FMP] cash-flow-statement (DEI) — 200 OK, 1 record(s) [key=OK]
  [FMP] cash-flow-statement (DHC) — 200 OK, 1 record(s) [key=OK]
  [FMP] cash-flow-statement (DLR) — 200 OK, 1 record(s) [key=OK]
  [FMP] cash-flow-statement (DOC) — 200 OK, 1 record(s) [key=OK]
  [FMP] cash-flow-statement (DRH) — 200 OK, 1 record(s) [key=OK]
  [FMP] cash-flow-statement (DX) — 200 OK, 1 record(s) [key=OK]
  [FMP] cash-flow-statement (EFC) — 200 OK, 1 record(s) [key=OK]
  [FMP] cash-flow-statement (EGP) — 200 OK, 1 record(s) [key=OK]
  [FMP] cash-flow-statement (ELS) — 200 OK, 1 record(s) [key=OK]
  [FMP] cash-flow-statement (EPR) — 200 OK, 1 record(s) [key=OK]
  [FMP] cash-flow-statement (EPRT) — 200 OK, 1 record(s) [key=OK]
  [FMP] cash-flow-statement (EQIX) — 200 OK, 1 record(s) [key=OK]
  [FMP] cash-flow-statement (ESBA) — 200 OK, 1 record(s) [key=OK]
  [FMP] cash-flow-statement (ESRT) — 200 OK, 1 record(s) [key=OK]
  [FMP] cash-flow-statement (ESS) — 200 OK, 1 record(s) [key=OK]
  [FMP] cash-flow-statement (EXR) — 200 OK, 1 record(s) [key=OK]
  ... 50/146
  [FMP] cash-flow-statement (FCPT) — 200 OK, 1 record(s) [key=OK]
  [FMP] cash-flow-statement (FPI) — 200 OK, 1 record(s) [key=OK]
  [FMP] cash-flow-statement (FR) — 200 OK, 1 record(s) [key=OK]
  [FMP] cash-flow-statement (FRMI) — 200 OK, 1 record(s) [key=OK]
  [FMP] cash-flow-statement (FRT) — 200 OK, 1 record(s) [key=OK]
  [FMP] cash-flow-statement (FVR) — 200 OK, 1 record(s) [key=OK]
  [FMP] cash-flow-statement (GLPI) — 200 OK, 1 record(s) [key=OK]
  [FMP] cash-flow-statement (GNL) — 200 OK, 1 record(s) [key=OK]
  [FMP] cash-flow-statement (GOOD) — 200 OK, 1 record(s) [key=OK]
  [FMP] cash-flow-statement (GTY) — 200 OK, 1 record(s) [key=OK]
  [FMP] cash-flow-statement (HIW) — 200 OK, 1 record(s) [key=OK]
  [FMP] cash-flow-statement (HPP) — 200 OK, 1 record(s) [key=OK]
  [FMP] cash-flow-statement (HR) — 200 OK, 1 record(s) [key=OK]
  [FMP] cash-flow-statement (HST) — 200 OK, 1 record(s) [key=OK]
  [FMP] cash-flow-statement (IIPR) — 200 OK, 1 record(s) [key=OK]
  [FMP] cash-flow-statement (ILPT) — 200 OK, 1 record(s) [key=OK]
  [FMP] cash-flow-statement (INN) — 200 OK, 1 record(s) [key=OK]
  [FMP] cash-flow-statement (INVH) — 200 OK, 1 record(s) [key=OK]
  [FMP] cash-flow-statement (IRM) — 200 OK, 1 record(s) [key=OK]
  [FMP] cash-flow-statement (IRT) — 200 OK, 1 record(s) [key=OK]
  [FMP] cash-flow-statement (IVT) — 200 OK, 1 record(s) [key=OK]
  [FMP] cash-flow-statement (JAN) — 200 OK, 1 record(s) [key=OK]
  [FMP] cash-flow-statement (JBGS) — 200 OK, 1 record(s) [key=OK]
  [FMP] cash-flow-statement (KIM) — 200 OK, 1 record(s) [key=OK]
  [FMP] cash-flow-statement (KRC) — 200 OK, 1 record(s) [key=OK]
  ... 75/146
  [FMP] cash-flow-statement (KRG) — 200 OK, 1 record(s) [key=OK]
  [FMP] cash-flow-statement (LADR) — 200 OK, 1 record(s) [key=OK]
  [FMP] cash-flow-statement (LAMR) — 200 OK, 1 record(s) [key=OK]
  [FMP] cash-flow-statement (LAND) — 200 OK, 1 record(s) [key=OK]
  [FMP] cash-flow-statement (LINE) — 200 OK, 1 record(s) [key=OK]
  [FMP] cash-flow-statement (LTC) — 200 OK, 1 record(s) [key=OK]
  [FMP] cash-flow-statement (LXP) — 200 OK, 1 record(s) [key=OK]
  [FMP] cash-flow-statement (MAA) — 200 OK, 1 record(s) [key=OK]
  [FMP] cash-flow-statement (MAC) — 200 OK, 1 record(s) [key=OK]
  [FMP] cash-flow-statement (MFA) — 200 OK, 1 record(s) [key=OK]
  [FMP] cash-flow-statement (MFAN) — 200 OK, 1 record(s) [key=OK]
  [FMP] cash-flow-statement (MFAO) — 200 OK, 1 record(s) [key=OK]
  [FMP] cash-flow-statement (MPT) — 200 OK, 1 record(s) [key=OK]
  [FMP] cash-flow-statement (MRP) — 200 OK, 1 record(s) [key=OK]
  [FMP] cash-flow-statement (NHI) — 200 OK, 1 record(s) [key=OK]
  [FMP] cash-flow-statement (NHPBP) — 200 OK, 1 record(s) [key=OK]
  [FMP] cash-flow-statement (NLY) — 200 OK, 1 record(s) [key=OK]
  [FMP] cash-flow-statement (NNN) — 200 OK, 1 record(s) [key=OK]
  [FMP] cash-flow-statement (NTST) — 200 OK, 1 record(s) [key=OK]
  [FMP] cash-flow-statement (NXRT) — 200 OK, 1 record(s) [key=OK]
  [FMP] cash-flow-statement (O) — 200 OK, 1 record(s) [key=OK]
  [FMP] cash-flow-statement (OHI) — 200 OK, 1 record(s) [key=OK]
  [FMP] cash-flow-statement (OLP) — 200 OK, 1 record(s) [key=OK]
  [FMP] cash-flow-statement (OPI) — 200 OK, 1 record(s) [key=OK]
  [FMP] cash-flow-statement (ORC) — 200 OK, 1 record(s) [key=OK]
  ... 100/146
  [FMP] cash-flow-statement (OUT) — 200 OK, 1 record(s) [key=OK]
  [FMP] cash-flow-statement (PDM) — 200 OK, 1 record(s) [key=OK]
  [FMP] cash-flow-statement (PEB) — 200 OK, 1 record(s) [key=OK]
  [FMP] cash-flow-statement (PECO) — 200 OK, 1 record(s) [key=OK]
  [FMP] cash-flow-statement (PK) — 200 OK, 1 record(s) [key=OK]
  [FMP] cash-flow-statement (PLD) — 200 OK, 1 record(s) [key=OK]
  [FMP] cash-flow-statement (PMTU) — 200 OK, 1 record(s) [key=OK]
  [FMP] cash-flow-statement (PSA) — 200 OK, 1 record(s) [key=OK]
  [FMP] cash-flow-statement (PSTL) — 200 OK, 1 record(s) [key=OK]
  [FMP] cash-flow-statement (REG) — 200 OK, 1 record(s) [key=OK]
  [FMP] cash-flow-statement (REXR) — 200 OK, 1 record(s) [key=OK]
  [FMP] cash-flow-statement (RHP) — 200 OK, 1 record(s) [key=OK]
  [FMP] cash-flow-statement (RITM) — 200 OK, 1 record(s) [key=OK]
  [FMP] cash-flow-statement (RLJ) — 200 OK, 1 record(s) [key=OK]
  [FMP] cash-flow-statement (RWTN) — 200 OK, 1 record(s) [key=OK]
  [FMP] cash-flow-statement (RWTQ) — 200 OK, 1 record(s) [key=OK]
  [FMP] cash-flow-statement (RYN) — 200 OK, 1 record(s) [key=OK]
  [FMP] cash-flow-statement (SAFE) — 200 OK, 1 record(s) [key=OK]
  [FMP] cash-flow-statement (SBAC) — 200 OK, 1 record(s) [key=OK]
  [FMP] cash-flow-statement (SBRA) — 200 OK, 1 record(s) [key=OK]
  [FMP] cash-flow-statement (SCCD) — 200 OK, 1 record(s) [key=OK]
  [FMP] cash-flow-statement (SCCE) — 200 OK, 1 record(s) [key=OK]
  [FMP] cash-flow-statement (SCCF) — 200 OK, 1 record(s) [key=OK]
  [FMP] cash-flow-statement (SCCG) — 200 OK, 1 record(s) [key=OK]
  [FMP] cash-flow-statement (SHO) — 200 OK, 1 record(s) [key=OK]
  ... 125/146
  [FMP] cash-flow-statement (SKT) — 200 OK, 1 record(s) [key=OK]
  [FMP] cash-flow-statement (SLG) — 200 OK, 1 record(s) [key=OK]
  [FMP] cash-flow-statement (SMA) — 200 OK, 1 record(s) [key=OK]
  [FMP] cash-flow-statement (SPG) — 200 OK, 1 record(s) [key=OK]
  [FMP] cash-flow-statement (STAG) — 200 OK, 1 record(s) [key=OK]
  [FMP] cash-flow-statement (STWD) — 200 OK, 1 record(s) [key=OK]
  [FMP] cash-flow-statement (SUI) — 200 OK, 1 record(s) [key=OK]
  [FMP] cash-flow-statement (TRNO) — 200 OK, 1 record(s) [key=OK]
  [FMP] cash-flow-statement (UDR) — 200 OK, 1 record(s) [key=OK]
  [FMP] cash-flow-statement (UE) — 200 OK, 1 record(s) [key=OK]
  [FMP] cash-flow-statement (UHT) — 200 OK, 1 record(s) [key=OK]
  [FMP] cash-flow-statement (UMH) — 200 OK, 1 record(s) [key=OK]
  [FMP] cash-flow-statement (UNIT) — 200 OK, 1 record(s) [key=OK]
  [FMP] cash-flow-statement (VICI) — 200 OK, 1 record(s) [key=OK]
  [FMP] cash-flow-statement (VNO) — 200 OK, 1 record(s) [key=OK]
  [FMP] cash-flow-statement (VTR) — 200 OK, 1 record(s) [key=OK]
  [FMP] cash-flow-statement (WELL) — 200 OK, 1 record(s) [key=OK]
  [FMP] cash-flow-statement (WPC) — 200 OK, 1 record(s) [key=OK]
  [FMP] cash-flow-statement (WY) — 200 OK, 1 record(s) [key=OK]
  [FMP] cash-flow-statement (XHR) — 200 OK, 1 record(s) [key=OK]
  [FMP] cash-flow-statement (XRN) — 200 OK, 1 record(s) [key=OK]
fetched 137, in band 128 (band 3.0-120.0)
  WELL     p_ffo 53.7x
  JAN      p_ffo 47.7x
  RITM     p_ffo 43.0x
  MAC      p_ffo 42.4x
  AHR      p_ffo 36.3x
  NHPBP    p_ffo 34.9x
  EQIX     p_ffo 30.5x
  CURB     p_ffo 29.3x
  IRM      p_ffo 28.8x
  VTR      p_ffo 27.6x
  median REIT - Diversified               all   p_ffo 10.81x (n=15)
  median REIT - Diversified               large p_ffo 14.41x (n=7)
  median REIT - Healthcare Facilities     all   p_ffo 14.73x (n=14)
  median REIT - Healthcare Facilities     large p_ffo 20.85x (n=8)
  median REIT - Hotel & Motel             all   p_ffo 9.78x (n=11)
  median REIT - Hotel & Motel             large p_ffo 10.15x (n=5)
  median REIT - Industrial                all   p_ffo 16.59x (n=15)
  median REIT - Industrial                large p_ffo 16.74x (n=7)
  median REIT - Mortgage                  all   p_ffo 6.35x (n=15)
  median REIT - Mortgage                  large p_ffo 9.32x (n=7)
  median REIT - Office                    all   p_ffo 8.64x (n=11)
  median REIT - Office                    large p_ffo 10.00x (n=6)
  median REIT - Residential               all   p_ffo 11.68x (n=13)
  median REIT - Residential               large p_ffo 12.13x (n=7)
  median REIT - Retail                    all   p_ffo 12.76x (n=20)
  median REIT - Retail                    large p_ffo 12.45x (n=10)
  median REIT - Specialty                 all   p_ffo 16.09x (n=14)
  median REIT - Specialty                 large p_ffo 20.05x (n=8)
wrote 204 member cells and 18 medians for p_ffo
