== 01972.HK | Landlord / Investment Property (HK) | IV 16.41 | anchor NAV (Cap Rates) | spot 24.32 | ccy HKD
   flag: CAGR-divergence gate: NTM growth +17.7% → +5.0%; analyst bands scaled 0.28x (NTM consensus +17.7% diverges from historical CAGR -0.5% by 18.2pp, above the 15pp threshold; capped at max(CAGR, 0) + 5pp)
   flag: Gate B (base): Forward ROIC (1.3% [Y10 projected]) < threshold (4.6%) → TGR set to 0
   flag: Growth reinvestment NOT leviable on this profile: 'Landlord / Investment Property (HK)' is not a capital-turnover profile, so revenue ÷ invested capital (0.05) is not a sales-to-capital ratio here and no deduction is com
   legs: {'P/BV': 19.58, 'DDM': 10.32, 'NAV (Cap Rates)': 18.61, 'Forward P/E': 18.39, 'Forward EV/EBITDA': 19.44}
   weights: [('NAV (Cap Rates)', 0.4), ('P/BV', 0.3), ('DDM', 0.3)] | dropped: []
   mults: {'ev_ebitda': (11.766, 'industry', 'Real Estate - Development'), 'pe': (14.932, 'industry', 'Real Estate - Development'), 'pb': (0.416, 'industry', 'Real Estate - Development'), 'fcf_yield': (0.068, 'industry', 'Real Estate - Development'), 'growth_avg': (-0.021, 'industry', 'Real Estate - Development'), 'pe_ntm': (12.798, 'industry', 'Real Estate - Development')}
   route: ticker_override [('router', 'Landlord / Investment Property (HK)'), ('industry_map', 'Property Developer (HK / China)'), ('ticker_override', 'Landlord / Investment Property (HK)')] | premium 1.0 | flag None
== 00012.HK | Landlord / Investment Property (HK) | IV 15.49 | anchor NAV (Cap Rates) | spot 26.22 | ccy HKD
   flag: Gate B (base): Forward ROIC (2.1% [Y10 projected]) < threshold (4.6%) → TGR set to 0
   flag: Growth reinvestment NOT leviable on this profile: 'Landlord / Investment Property (HK)' is not a capital-turnover profile, so revenue ÷ invested capital (0.06) is not a sales-to-capital ratio here and no deduction is com
   flag: Non-positive leg dropped: NAV (Cap Rates) = 0.0000 (40% of intended weight renormalised onto the survivors)
   legs: {'P/BV': 20.34, 'DDM': 10.63, 'Forward P/E': 23.24}
   weights: [('P/BV', 0.5), ('DDM', 0.5)] | dropped: [('NAV (Cap Rates)', 'non_positive')]
   mults: {'pb': (0.295, 'industry', 'Real Estate - Diversified'), 'growth_avg': (0.223, 'industry', 'Real Estate - Diversified'), 'ev_ebitda': (14.274, 'sector', 'Real Estate'), 'pe': (19.634, 'sector', 'Real Estate'), 'fcf_yield': (0.068, 'sector', 'Real Estate'), 'pe_ntm': (13.458, 'sector', 'Real Estate')}
   route: router [('router', 'Landlord / Investment Property (HK)')] | premium 1.0 | flag None
== 00823.HK | REIT | IV 35.86 | anchor NAV (Cap Rates) | spot 37.02 | ccy HKD
   flag: REIT sub-type: retail | cap_rate 6.90% | P/FFO 14x | P/AFFO 15x | maint_capex 5.5% rev | FFO=$-7.31B AFFO=$-7.35B NOI=$10.12B [clean NOI (revenue - cost of revenue)]
   flag: Gate B (base): Forward ROIC (0.6% [Y10 projected]) < threshold (3.1%) → TGR set to 0
   flag: Growth reinvestment NOT leviable on this profile: 'REIT' is not a capital-turnover profile, so revenue ÷ invested capital (0.07) is not a sales-to-capital ratio here and no deduction is computed. Measured for reference o
   legs: {'DDM': 31.01, 'NAV (Cap Rates)': 36.34, 'Forward P/E': 33.41, 'Forward EV/EBITDA': 25.09}
   weights: [('NAV (Cap Rates)', 0.909091), ('DDM', 0.090909)] | dropped: [('P/FFO', 'uncomputable'), ('P/AFFO', 'uncomputable')]
   mults: {'ev_ebitda': (14.274, 'sector', 'Real Estate'), 'pe': (19.634, 'sector', 'Real Estate'), 'pb': (0.512, 'sector', 'Real Estate'), 'fcf_yield': (0.068, 'sector', 'Real Estate'), 'growth_avg': (0.025, 'sector', 'Real Estate'), 'pe_ntm': (13.458, 'sector', 'Real Estate')}
   route: router [('router', 'REIT')] | premium 1.0 | flag None
== C09.SI | Property Developer (SG) | IV 7.07 | anchor NAV | spot 8.26 | ccy SGD
   flag: CAGR-divergence gate: NTM growth +22.8% → +5.0%; analyst bands scaled 0.22x (NTM consensus +22.8% diverges from historical CAGR -14.8% by 37.6pp, above the 15pp threshold; capped at max(CAGR, 0) + 5pp)
   flag: Gate B (base): Forward ROIC (0.7% [Y10 projected]) < threshold (3.4%) → TGR set to 0
   flag: Growth reinvestment NOT leviable on this profile: 'Property Developer (SG)' is not a capital-turnover profile, so revenue ÷ invested capital (0.16) is not a sales-to-capital ratio here and no deduction is computed. Measu
   legs: {'NAV': 10.42, 'DDM': 1.88, 'P/E (norm)': 4.35, 'Forward P/E': 5.79, 'Forward EV/EBITDA': 22.58}
   weights: [('NAV', 0.55), ('DDM', 0.25), ('P/E (norm)', 0.2)] | dropped: []
   mults: {'ev_ebitda': (21.854, 'industry', 'Real Estate - Development'), 'pe': (11.111, 'industry', 'Real Estate - Development'), 'pb': (0.592, 'industry', 'Real Estate - Development'), 'fcf_yield': (0.034, 'industry', 'Real Estate - Development'), 'growth_avg': (-0.009, 'industry', 'Real Estate - Development'), 'pe_ntm': (16.896, 'sector', 'Real Estate')}
   route: router [('router', 'Property Developer (SG)')] | premium 1.0 | flag None
